Unity Editor version:    2022.3.61f1 (6c53ebaf375d)
Branch:                  2022.3/release
Build type:              Release
Batch mode:              YES
macOS version:           Version 15.3.2 (Build 24D81)
Darwin version:          24.3.0
Architecture:            x86_64
Running under Rosetta:   NO
Available memory:        16384 MB
[Licensing::Module] Trying to connect to existing licensing client channel...
[Licensing::IpcConnector] Channel LicenseClient-hawkpdx doesn't exist
Launching external process: /Applications/Unity/Hub/Editor/2022.3.61f1/Unity.app/Contents/Frameworks/UnityLicensingClient.app/Contents/MacOS/Unity.Licensing.Client
[Licensing::Module] Successfully launched the LicensingClient (PId: 51654)
[Licensing::IpcConnector] Successfully connected to: "LicenseClient-hawkpdx" at "2025-04-12T22:41:40.864558Z"
[Licensing::Client] Code 1 while verifying Licensing Client signature (process Id: 51654, path: "/Applications/Unity/Hub/Editor/2022.3.61f1/Unity.app/Contents/Frameworks/UnityLicensingClient.app/Contents/MacOS/Unity.Licensing.Client")
[Licensing::Module] LicensingClient has failed validation; ignoring
[Licensing::Client] Handshaking with LicensingClient:
  Version:                 1.16.2+bdef8f5
  Session Id:              c2ed1e6fcefb4db9b7e2f8e62b8d49dc
  Correlation Id:          c7d7cc3c491a4ff5e5f5c2dceda9790f
  External correlation Id: 4521776324457025419
  Machine Id:              VkPe1+uiGMd8g2zOsXPszRheFkk=
[Licensing::Module] Successfully connected to LicensingClient on channel: "LicenseClient-hawkpdx" (connect: 1.30s, validation: 0.06s, handshake: 0.03s)
[Licensing::IpcConnector] Successfully connected to: "LicenseClient-hawkpdx-notifications" at "2025-04-12T22:41:40.959223Z"
[Licensing::Module] Connected to LicensingClient (PId: 51654, launch time: 0.01, total connection time: 1.39s)
[Licensing::Module] Error: Access token is unavailable; failed to update
[Licensing::Client] Error: Code 500 while processing request (status: Unable to update licenses. Errors: No ULF license found.,Token not found in cache)
[Licensing::Client] Error: Code 500 while updating license in client (status: Unable to update licenses. Errors: No ULF license found.,Token not found in cache)
[Licensing::Client] Successfully resolved entitlement details
[Licensing::Module] Serial number assigned to: "1375803086652-UnityPersXXXX"
Pro License: NO
[Licensing::Client] Successfully resolved entitlement details
Launching external process: /Applications/Unity/Hub/Editor/2022.3.61f1/Unity.app/Contents/Resources/PackageManager/Server/UnityPackageManager

COMMAND LINE ARGUMENTS:
/Applications/Unity/Hub/Editor/2022.3.61f1/Unity.app/Contents/MacOS/Unity
-batchmode
-projectPath
/Users/hawkpdx/Development/code/games/PDX_Underground_Unity
-logFile
create_scene.log
-quit
Successfully changed project path to: /Users/hawkpdx/Development/code/games/PDX_Underground_Unity
/Users/hawkpdx/Development/code/games/PDX_Underground_Unity
[UnityMemory] Configuration Parameters - Can be set up in boot.config
    "memorysetup-bucket-allocator-granularity=16"
    "memorysetup-bucket-allocator-bucket-count=8"
    "memorysetup-bucket-allocator-block-size=33554432"
    "memorysetup-bucket-allocator-block-count=8"
    "memorysetup-main-allocator-block-size=16777216"
    "memorysetup-thread-allocator-block-size=16777216"
    "memorysetup-gfx-main-allocator-block-size=16777216"
    "memorysetup-gfx-thread-allocator-block-size=16777216"
    "memorysetup-cache-allocator-block-size=4194304"
    "memorysetup-typetree-allocator-block-size=2097152"
    "memorysetup-profiler-bucket-allocator-granularity=16"
    "memorysetup-profiler-bucket-allocator-bucket-count=8"
    "memorysetup-profiler-bucket-allocator-block-size=33554432"
    "memorysetup-profiler-bucket-allocator-block-count=8"
    "memorysetup-profiler-allocator-block-size=16777216"
    "memorysetup-profiler-editor-allocator-block-size=1048576"
    "memorysetup-temp-allocator-size-main=16777216"
    "memorysetup-job-temp-allocator-block-size=2097152"
    "memorysetup-job-temp-allocator-block-size-background=1048576"
    "memorysetup-job-temp-allocator-reduction-small-platforms=262144"
    "memorysetup-allocator-temp-initial-block-size-main=262144"
    "memorysetup-allocator-temp-initial-block-size-worker=262144"
    "memorysetup-temp-allocator-size-background-worker=32768"
    "memorysetup-temp-allocator-size-job-worker=262144"
    "memorysetup-temp-allocator-size-preload-manager=33554432"
    "memorysetup-temp-allocator-size-nav-mesh-worker=65536"
    "memorysetup-temp-allocator-size-audio-worker=65536"
    "memorysetup-temp-allocator-size-cloud-worker=32768"
    "memorysetup-temp-allocator-size-gi-baking-worker=262144"
    "memorysetup-temp-allocator-size-gfx=262144"
Player connection [140704531102464]  Target information:

Player connection [140704531102464]  * "[IP] 10.0.0.150 [Port] 55504 [Flags] 2 [Guid] 3190882121 [EditorId] 3190882121 [Version] 1048832 [Id] OSXEditor(0,Garretts-MacBook-Pro.local) [Debug] 1 [PackageName] OSXEditor [ProjectName] Editor" 

Player connection [140704531102464] Host joined multi-casting on [225.0.0.222:54997]...
Player connection [140704531102464] Host joined alternative multi-casting on [225.0.0.222:34997]...
Input System module state changed to: Initialized.
[PhysX] Initialized MultithreadedTaskDispatcher with 16 workers.
[Package Manager] UpmClient::Connect -- Connected to IPC stream "Upm-51653" after 0.3 seconds.
Rebuilding Library because the asset database could not be found!
[Package Manager] Done resolving packages in 4.82 seconds
[Licensing::Client] Successfully resolved entitlement details
An error occurred while resolving packages:
  Project has invalid dependencies:
    com.unity.modules.accessibility: Package [com.unity.modules.accessibility@1.0.0] cannot be found
    com.unity.multiplayer.center: Package [com.unity.multiplayer.center@1.0.0] cannot be found
[Package Manager] Server::Kill -- Server was shutdown
